[2026-09-09 18:20:02] 采集成功
[2026-09-09 18:25:03] 采集成功
/usr/bin/python3: can't open file 'collecter.py': [Errno 2] No such file or directory
[2026-09-09 18:35:02] 采集成功
[2026-09-09 18:40:02] 采集成功
[2026-09-09 18:45:03] 采集成功
[2026-09-09 18:50:01] 采集异常: HTTPConnectionPool(host='localhost', port=8001): Max retries exceeded with url: /report (Caused by NewConnectionError('<urllib3.connection.HTTPConnection object at 0x7f13d788fe80>: Failed to establish a new connection: [Errno 111] Connection refused',))
[2026-09-09 18:55:01] 采集异常: HTTPConnectionPool(host='localhost', port=8001): Max retries exceeded with url: /report (Caused by NewConnectionError('<urllib3.connection.HTTPConnection object at 0x7fe7e758fe80>: Failed to establish a new connection: [Errno 111] Connection refused',))
[2026-09-09 19:00:01] 采集异常: HTTPConnectionPool(host='localhost', port=8001): Max retries exceeded with url: /report (Caused by NewConnectionError('<urllib3.connection.HTTPConnection object at 0x7f87469dbe80>: Failed to establish a new connection: [Errno 111] Connection refused',))
[2026-09-09 19:05:01] 采集异常: HTTPConnectionPool(host='localhost', port=8001): Max retries exceeded with url: /report (Caused by NewConnectionError('<urllib3.connection.HTTPConnection object at 0x7f0cd72b8e80>: Failed to establish a new connection: [Errno 111] Connection refused',))
[2026-09-10 17:30:02] 采集异常: HTTPConnectionPool(host='localhost', port=8001): Max retries exceeded with url: /report (Caused by NewConnectionError('<urllib3.connection.HTTPConnection object at 0x7fdaad303e80>: Failed to establish a new connection: [Errno 111] Connection refused',))
[2026-09-10 17:35:01] 采集异常: HTTPConnectionPool(host='localhost', port=8001): Max retries exceeded with url: /report (Caused by NewConnectionError('<urllib3.connection.HTTPConnection object at 0x7f68abbbce10>: Failed to establish a new connection: [Errno 111] Connection refused',))
[2026-09-10 17:40:01] 采集异常: HTTPConnectionPool(host='localhost', port=8001): Max retries exceeded with url: /report (Caused by NewConnectionError('<urllib3.connection.HTTPConnection object at 0x7f437e8a9e10>: Failed to establish a new connection: [Errno 111] Connection refused',))
[2026-09-10 17:45:01] 采集异常: HTTPConnectionPool(host='localhost', port=8001): Max retries exceeded with url: /report (Caused by NewConnectionError('<urllib3.connection.HTTPConnection object at 0x7fd619b64e80>: Failed to establish a new connection: [Errno 111] Connection refused',))
[2026-09-10 17:50:01] 采集异常: HTTPConnectionPool(host='localhost', port=8001): Max retries exceeded with url: /report (Caused by NewConnectionError('<urllib3.connection.HTTPConnection object at 0x7fe071710e80>: Failed to establish a new connection: [Errno 111] Connection refused',))
[2026-09-10 17:55:01] 采集异常: HTTPConnectionPool(host='localhost', port=8001): Max retries exceeded with url: /report (Caused by NewConnectionError('<urllib3.connection.HTTPConnection object at 0x7f4dd33b4e80>: Failed to establish a new connection: [Errno 111] Connection refused',))
[2026-09-10 18:00:01] 采集异常: HTTPConnectionPool(host='localhost', port=8001): Max retries exceeded with url: /report (Caused by NewConnectionError('<urllib3.connection.HTTPConnection object at 0x7f6abf1e2e10>: Failed to establish a new connection: [Errno 111] Connection refused',))
[2026-09-10 18:05:01] 采集异常: HTTPConnectionPool(host='localhost', port=8001): Max retries exceeded with url: /report (Caused by NewConnectionError('<urllib3.connection.HTTPConnection object at 0x7f6201811e80>: Failed to establish a new connection: [Errno 111] Connection refused',))
[2026-09-10 18:10:01] 采集异常: HTTPConnectionPool(host='localhost', port=8001): Max retries exceeded with url: /report (Caused by NewConnectionError('<urllib3.connection.HTTPConnection object at 0x7f802be64e80>: Failed to establish a new connection: [Errno 111] Connection refused',))
[2026-09-10 18:15:01] 采集异常: HTTPConnectionPool(host='localhost', port=8001): Max retries exceeded with url: /report (Caused by NewConnectionError('<urllib3.connection.HTTPConnection object at 0x7f24edaf6e80>: Failed to establish a new connection: [Errno 111] Connection refused',))
[2026-09-10 18:20:01] 采集异常: HTTPConnectionPool(host='localhost', port=8001): Max retries exceeded with url: /report (Caused by NewConnectionError('<urllib3.connection.HTTPConnection object at 0x7efd3f977e80>: Failed to establish a new connection: [Errno 111] Connection refused',))
[2026-09-10 18:25:01] 采集异常: HTTPConnectionPool(host='localhost', port=8001): Max retries exceeded with url: /report (Caused by NewConnectionError('<urllib3.connection.HTTPConnection object at 0x7f878951fe80>: Failed to establish a new connection: [Errno 111] Connection refused',))
[2026-09-11 17:40:01] 采集异常: HTTPConnectionPool(host='localhost', port=8001): Max retries exceeded with url: /report (Caused by NewConnectionError('<urllib3.connection.HTTPConnection object at 0x7fad330cbe80>: Failed to establish a new connection: [Errno 111] Connection refused',))
[2026-09-11 17:45:02] 采集成功
[2026-09-11 17:50:03] 采集成功
[2026-09-11 17:55:02] 采集成功
[2026-09-11 18:00:03] 采集成功
[2026-09-11 18:05:02] 采集成功
[2026-09-12 17:25:02] 采集异常: HTTPConnectionPool(host='localhost', port=8001): Max retries exceeded with url: /report (Caused by NewConnectionError('<urllib3.connection.HTTPConnection object at 0x7fbd1f0a1e80>: Failed to establish a new connection: [Errno 111] Connection refused',))
[2026-09-12 17:30:01] 采集异常: HTTPConnectionPool(host='localhost', port=8001): Max retries exceeded with url: /report (Caused by NewConnectionError('<urllib3.connection.HTTPConnection object at 0x7f63596f2e80>: Failed to establish a new connection: [Errno 111] Connection refused',))
[2026-09-12 17:35:01] 采集异常: HTTPConnectionPool(host='localhost', port=8001): Max retries exceeded with url: /report (Caused by NewConnectionError('<urllib3.connection.HTTPConnection object at 0x7f4682786e80>: Failed to establish a new connection: [Errno 111] Connection refused',))
[2026-09-12 17:40:01] 采集异常: HTTPConnectionPool(host='localhost', port=8001): Max retries exceeded with url: /report (Caused by NewConnectionError('<urllib3.connection.HTTPConnection object at 0x7f14b247ce80>: Failed to establish a new connection: [Errno 111] Connection refused',))
[2026-09-12 17:45:01] 采集异常: HTTPConnectionPool(host='localhost', port=8001): Max retries exceeded with url: /report (Caused by NewConnectionError('<urllib3.connection.HTTPConnection object at 0x7fa63128be80>: Failed to establish a new connection: [Errno 111] Connection refused',))
[2026-09-12 17:50:01] 采集异常: HTTPConnectionPool(host='localhost', port=8001): Max retries exceeded with url: /report (Caused by NewConnectionError('<urllib3.connection.HTTPConnection object at 0x7f01a225ee80>: Failed to establish a new connection: [Errno 111] Connection refused',))
[2026-09-12 17:55:01] 采集异常: HTTPConnectionPool(host='localhost', port=8001): Max retries exceeded with url: /report (Caused by NewConnectionError('<urllib3.connection.HTTPConnection object at 0x7f99c44fde80>: Failed to establish a new connection: [Errno 111] Connection refused',))
[2026-09-12 18:00:01] 采集异常: HTTPConnectionPool(host='localhost', port=8001): Max retries exceeded with url: /report (Caused by NewConnectionError('<urllib3.connection.HTTPConnection object at 0x7f6d7e15ae80>: Failed to establish a new connection: [Errno 111] Connection refused',))
[2026-09-12 18:05:02] 采集异常: HTTPConnectionPool(host='localhost', port=8001): Max retries exceeded with url: /report (Caused by NewConnectionError('<urllib3.connection.HTTPConnection object at 0x7fb04e7ffe80>: Failed to establish a new connection: [Errno 111] Connection refused',))
[2026-09-12 18:10:01] 采集异常: HTTPConnectionPool(host='localhost', port=8001): Max retries exceeded with url: /report (Caused by NewConnectionError('<urllib3.connection.HTTPConnection object at 0x7fd2af9d4e80>: Failed to establish a new connection: [Errno 111] Connection refused',))
[2026-09-12 18:15:01] 采集异常: HTTPConnectionPool(host='localhost', port=8001): Max retries exceeded with url: /report (Caused by NewConnectionError('<urllib3.connection.HTTPConnection object at 0x7f0af7189e80>: Failed to establish a new connection: [Errno 111] Connection refused',))
[2026-09-12 18:20:01] 采集异常: HTTPConnectionPool(host='localhost', port=8001): Max retries exceeded with url: /report (Caused by NewConnectionError('<urllib3.connection.HTTPConnection object at 0x7f6e79623e10>: Failed to establish a new connection: [Errno 111] Connection refused',))
[2026-09-12 18:25:01] 采集异常: HTTPConnectionPool(host='localhost', port=8001): Max retries exceeded with url: /report (Caused by NewConnectionError('<urllib3.connection.HTTPConnection object at 0x7fae4dc3de10>: Failed to establish a new connection: [Errno 111] Connection refused',))
[2026-09-12 18:30:01] 采集异常: HTTPConnectionPool(host='localhost', port=8001): Max retries exceeded with url: /report (Caused by NewConnectionError('<urllib3.connection.HTTPConnection object at 0x7f966a4c9e80>: Failed to establish a new connection: [Errno 111] Connection refused',))
[2026-09-12 18:35:01] 采集异常: HTTPConnectionPool(host='localhost', port=8001): Max retries exceeded with url: /report (Caused by NewConnectionError('<urllib3.connection.HTTPConnection object at 0x7f75d370ae80>: Failed to establish a new connection: [Errno 111] Connection refused',))
[2026-09-12 18:40:01] 采集异常: HTTPConnectionPool(host='localhost', port=8001): Max retries exceeded with url: /report (Caused by NewConnectionError('<urllib3.connection.HTTPConnection object at 0x7fd640e34e80>: Failed to establish a new connection: [Errno 111] Connection refused',))
[2026-09-12 18:45:01] 采集异常: HTTPConnectionPool(host='localhost', port=8001): Max retries exceeded with url: /report (Caused by NewConnectionError('<urllib3.connection.HTTPConnection object at 0x7f16fe217e80>: Failed to establish a new connection: [Errno 111] Connection refused',))
[2026-09-12 18:50:01] 采集异常: HTTPConnectionPool(host='localhost', port=8001): Max retries exceeded with url: /report (Caused by NewConnectionError('<urllib3.connection.HTTPConnection object at 0x7fa7f011ee80>: Failed to establish a new connection: [Errno 111] Connection refused',))
[2026-09-12 18:55:01] 采集异常: HTTPConnectionPool(host='localhost', port=8001): Max retries exceeded with url: /report (Caused by NewConnectionError('<urllib3.connection.HTTPConnection object at 0x7f0d2d4f2e80>: Failed to establish a new connection: [Errno 111] Connection refused',))
[2026-09-14 00:50:02] 采集异常: HTTPConnectionPool(host='localhost', port=8001): Max retries exceeded with url: /report (Caused by NewConnectionError('<urllib3.connection.HTTPConnection object at 0x7f421a358e80>: Failed to establish a new connection: [Errno 111] Connection refused',))
[2026-09-14 00:55:01] 采集异常: HTTPConnectionPool(host='localhost', port=8001): Max retries exceeded with url: /report (Caused by NewConnectionError('<urllib3.connection.HTTPConnection object at 0x7fa8e3957e80>: Failed to establish a new connection: [Errno 111] Connection refused',))
[2026-09-14 16:55:02] 采集异常: HTTPConnectionPool(host='localhost', port=8001): Max retries exceeded with url: /report (Caused by NewConnectionError('<urllib3.connection.HTTPConnection object at 0x7f1dfce92e48>: Failed to establish a new connection: [Errno 111] Connection refused',))
[2026-09-14 17:00:01] 采集异常: HTTPConnectionPool(host='localhost', port=8001): Max retries exceeded with url: /report (Caused by NewConnectionError('<urllib3.connection.HTTPConnection object at 0x7fa79d81beb8>: Failed to establish a new connection: [Errno 111] Connection refused',))
[2026-09-14 19:15:01] 采集异常: HTTPConnectionPool(host='localhost', port=8001): Max retries exceeded with url: /report (Caused by NewConnectionError('<urllib3.connection.HTTPConnection object at 0x7fdd73325eb8>: Failed to establish a new connection: [Errno 111] Connection refused',))
[2026-09-14 19:20:03] 采集成功
[2026-09-14 19:25:01] 采集异常: HTTPConnectionPool(host='localhost', port=8001): Max retries exceeded with url: /report (Caused by NewConnectionError('<urllib3.connection.HTTPConnection object at 0x7f676a35ceb8>: Failed to establish a new connection: [Errno 111] Connection refused',))
[2026-09-14 19:30:01] 采集异常: HTTPConnectionPool(host='localhost', port=8001): Max retries exceeded with url: /report (Caused by NewConnectionError('<urllib3.connection.HTTPConnection object at 0x7f6dcc9deeb8>: Failed to establish a new connection: [Errno 111] Connection refused',))
[2026-09-14 19:35:02] 采集异常: HTTPConnectionPool(host='localhost', port=8001): Max retries exceeded with url: /report (Caused by NewConnectionError('<urllib3.connection.HTTPConnection object at 0x7f2ffc621eb8>: Failed to establish a new connection: [Errno 111] Connection refused',))
[2026-09-14 19:40:01] 采集异常: HTTPConnectionPool(host='localhost', port=8001): Max retries exceeded with url: /report (Caused by NewConnectionError('<urllib3.connection.HTTPConnection object at 0x7fd6671a1eb8>: Failed to establish a new connection: [Errno 111] Connection refused',))
[2026-09-14 19:45:01] 采集异常: HTTPConnectionPool(host='localhost', port=8001): Max retries exceeded with url: /report (Caused by NewConnectionError('<urllib3.connection.HTTPConnection object at 0x7ff9c12deeb8>: Failed to establish a new connection: [Errno 111] Connection refused',))
[2026-09-14 19:50:01] 采集异常: HTTPConnectionPool(host='localhost', port=8001): Max retries exceeded with url: /report (Caused by NewConnectionError('<urllib3.connection.HTTPConnection object at 0x7f0a9bccdeb8>: Failed to establish a new connection: [Errno 111] Connection refused',))
[2026-09-14 19:55:01] 采集异常: HTTPConnectionPool(host='localhost', port=8001): Max retries exceeded with url: /report (Caused by NewConnectionError('<urllib3.connection.HTTPConnection object at 0x7efc466aeeb8>: Failed to establish a new connection: [Errno 111] Connection refused',))
[2026-09-14 20:00:01] 采集异常: HTTPConnectionPool(host='localhost', port=8001): Max retries exceeded with url: /report (Caused by NewConnectionError('<urllib3.connection.HTTPConnection object at 0x7f980be46eb8>: Failed to establish a new connection: [Errno 111] Connection refused',))
[2026-09-14 20:05:01] 采集异常: HTTPConnectionPool(host='localhost', port=8001): Max retries exceeded with url: /report (Caused by NewConnectionError('<urllib3.connection.HTTPConnection object at 0x7fbaaacddeb8>: Failed to establish a new connection: [Errno 111] Connection refused',))
[2026-09-14 20:10:01] 采集异常: HTTPConnectionPool(host='localhost', port=8001): Max retries exceeded with url: /report (Caused by NewConnectionError('<urllib3.connection.HTTPConnection object at 0x7f0a2e3c2eb8>: Failed to establish a new connection: [Errno 111] Connection refused',))
[2026-09-14 20:15:02] 采集异常: HTTPConnectionPool(host='localhost', port=8001): Max retries exceeded with url: /report (Caused by NewConnectionError('<urllib3.connection.HTTPConnection object at 0x7f8cb340deb8>: Failed to establish a new connection: [Errno 111] Connection refused',))
[2026-09-14 20:20:01] 采集异常: HTTPConnectionPool(host='localhost', port=8001): Max retries exceeded with url: /report (Caused by NewConnectionError('<urllib3.connection.HTTPConnection object at 0x7f94052d8e48>: Failed to establish a new connection: [Errno 111] Connection refused',))
[2026-09-14 20:25:01] 采集异常: HTTPConnectionPool(host='localhost', port=8001): Max retries exceeded with url: /report (Caused by NewConnectionError('<urllib3.connection.HTTPConnection object at 0x7feb43c7be48>: Failed to establish a new connection: [Errno 111] Connection refused',))
[2026-09-14 20:30:03] 采集成功
[2026-09-14 20:35:02] 采集成功
[2026-09-14 20:40:03] 采集成功
[2026-09-14 20:45:02] 采集成功
[2026-09-14 20:50:04] 采集成功
[2026-09-14 20:55:02] 采集成功
[2026-09-14 21:00:01] 采集异常: HTTPConnectionPool(host='localhost', port=8001): Max retries exceeded with url: /report (Caused by NewConnectionError('<urllib3.connection.HTTPConnection object at 0x7fabb99eeeb8>: Failed to establish a new connection: [Errno 111] Connection refused',))
[2026-09-14 21:05:02] 采集异常: HTTPConnectionPool(host='localhost', port=8001): Max retries exceeded with url: /report (Caused by NewConnectionError('<urllib3.connection.HTTPConnection object at 0x7f3b275f3eb8>: Failed to establish a new connection: [Errno 111] Connection refused',))
[2026-09-14 21:10:01] 采集异常: HTTPConnectionPool(host='localhost', port=8001): Max retries exceeded with url: /report (Caused by NewConnectionError('<urllib3.connection.HTTPConnection object at 0x7f6f38301eb8>: Failed to establish a new connection: [Errno 111] Connection refused',))
[2026-09-14 21:15:01] 采集异常: HTTPConnectionPool(host='localhost', port=8001): Max retries exceeded with url: /report (Caused by NewConnectionError('<urllib3.connection.HTTPConnection object at 0x7f2289f4aeb8>: Failed to establish a new connection: [Errno 111] Connection refused',))
[2026-09-14 21:20:01] 采集异常: HTTPConnectionPool(host='localhost', port=8001): Max retries exceeded with url: /report (Caused by NewConnectionError('<urllib3.connection.HTTPConnection object at 0x7f23a4f66eb8>: Failed to establish a new connection: [Errno 111] Connection refused',))
[2026-09-14 21:25:01] 采集异常: HTTPConnectionPool(host='localhost', port=8001): Max retries exceeded with url: /report (Caused by NewConnectionError('<urllib3.connection.HTTPConnection object at 0x7fefa8fc6eb8>: Failed to establish a new connection: [Errno 111] Connection refused',))
[2026-09-14 21:30:01] 采集异常: HTTPConnectionPool(host='localhost', port=8001): Max retries exceeded with url: /report (Caused by NewConnectionError('<urllib3.connection.HTTPConnection object at 0x7f3bb509eeb8>: Failed to establish a new connection: [Errno 111] Connection refused',))
[2026-09-14 21:35:02] 采集异常: HTTPConnectionPool(host='localhost', port=8001): Max retries exceeded with url: /report (Caused by NewConnectionError('<urllib3.connection.HTTPConnection object at 0x7faf27e66eb8>: Failed to establish a new connection: [Errno 111] Connection refused',))
[2026-09-14 21:40:01] 采集异常: HTTPConnectionPool(host='localhost', port=8001): Max retries exceeded with url: /report (Caused by NewConnectionError('<urllib3.connection.HTTPConnection object at 0x7fe7233d4eb8>: Failed to establish a new connection: [Errno 111] Connection refused',))
[2026-09-14 21:45:01] 采集异常: HTTPConnectionPool(host='localhost', port=8001): Max retries exceeded with url: /report (Caused by NewConnectionError('<urllib3.connection.HTTPConnection object at 0x7f96ec0d4eb8>: Failed to establish a new connection: [Errno 111] Connection refused',))
[2026-09-14 21:50:01] 采集异常: HTTPConnectionPool(host='localhost', port=8001): Max retries exceeded with url: /report (Caused by NewConnectionError('<urllib3.connection.HTTPConnection object at 0x7f896ea8aeb8>: Failed to establish a new connection: [Errno 111] Connection refused',))
[2026-09-14 21:55:01] 采集异常: HTTPConnectionPool(host='localhost', port=8001): Max retries exceeded with url: /report (Caused by NewConnectionError('<urllib3.connection.HTTPConnection object at 0x7f95aa07aeb8>: Failed to establish a new connection: [Errno 111] Connection refused',))
[2026-09-14 22:00:01] 采集异常: HTTPConnectionPool(host='localhost', port=8001): Max retries exceeded with url: /report (Caused by NewConnectionError('<urllib3.connection.HTTPConnection object at 0x7f8c38bf7eb8>: Failed to establish a new connection: [Errno 111] Connection refused',))
[2026-09-14 22:05:02] 采集异常: HTTPConnectionPool(host='localhost', port=8001): Max retries exceeded with url: /report (Caused by NewConnectionError('<urllib3.connection.HTTPConnection object at 0x7fa961412eb8>: Failed to establish a new connection: [Errno 111] Connection refused',))
[2026-09-14 22:10:01] 采集异常: HTTPConnectionPool(host='localhost', port=8001): Max retries exceeded with url: /report (Caused by NewConnectionError('<urllib3.connection.HTTPConnection object at 0x7effeea71eb8>: Failed to establish a new connection: [Errno 111] Connection refused',))
[2026-09-14 22:15:01] 采集异常: HTTPConnectionPool(host='localhost', port=8001): Max retries exceeded with url: /report (Caused by NewConnectionError('<urllib3.connection.HTTPConnection object at 0x7f321a78beb8>: Failed to establish a new connection: [Errno 111] Connection refused',))
[2026-09-14 22:20:01] 采集异常: HTTPConnectionPool(host='localhost', port=8001): Max retries exceeded with url: /report (Caused by NewConnectionError('<urllib3.connection.HTTPConnection object at 0x7ff1483d2e48>: Failed to establish a new connection: [Errno 111] Connection refused',))
[2026-09-14 22:25:01] 采集异常: HTTPConnectionPool(host='localhost', port=8001): Max retries exceeded with url: /report (Caused by NewConnectionError('<urllib3.connection.HTTPConnection object at 0x7fbfba009eb8>: Failed to establish a new connection: [Errno 111] Connection refused',))
[2026-09-16 18:05:02] 采集异常: HTTPConnectionPool(host='localhost', port=8001): Max retries exceeded with url: /report (Caused by NewConnectionError('<urllib3.connection.HTTPConnection object at 0x7fc909605eb8>: Failed to establish a new connection: [Errno 111] Connection refused',))
[2026-09-16 18:10:01] 采集失败: 500
[2026-09-16 18:15:02] 采集失败: 500
[2026-09-16 18:20:02] 采集失败: 500
[2026-09-16 18:25:01] 采集异常: HTTPConnectionPool(host='localhost', port=8001): Max retries exceeded with url: /report (Caused by NewConnectionError('<urllib3.connection.HTTPConnection object at 0x7f31f62bfe48>: Failed to establish a new connection: [Errno 111] Connection refused',))
[2026-09-16 18:30:01] 采集异常: HTTPConnectionPool(host='localhost', port=8001): Max retries exceeded with url: /report (Caused by NewConnectionError('<urllib3.connection.HTTPConnection object at 0x7fb46d0adeb8>: Failed to establish a new connection: [Errno 111] Connection refused',))
[2026-09-16 18:35:01] 采集异常: HTTPConnectionPool(host='localhost', port=8001): Max retries exceeded with url: /report (Caused by NewConnectionError('<urllib3.connection.HTTPConnection object at 0x7f074e7e7eb8>: Failed to establish a new connection: [Errno 111] Connection refused',))
[2026-09-16 18:40:02] 采集失败: 500
[2026-09-16 18:45:01] 采集异常: HTTPConnectionPool(host='localhost', port=8001): Max retries exceeded with url: /report (Caused by NewConnectionError('<urllib3.connection.HTTPConnection object at 0x7f13b56bbe48>: Failed to establish a new connection: [Errno 111] Connection refused',))
[2026-09-17 17:40:01] 采集异常: HTTPConnectionPool(host='localhost', port=8001): Max retries exceeded with url: /report (Caused by NewConnectionError('<urllib3.connection.HTTPConnection object at 0x7fc7528bbeb8>: Failed to establish a new connection: [Errno 111] Connection refused',))
[2026-09-17 17:45:02] 采集异常: HTTPConnectionPool(host='localhost', port=8001): Max retries exceeded with url: /report (Caused by NewConnectionError('<urllib3.connection.HTTPConnection object at 0x7f96ddb40eb8>: Failed to establish a new connection: [Errno 111] Connection refused',))
[2026-09-17 17:50:02] 采集成功
[2026-09-17 17:55:03] 采集成功
[2026-09-17 18:00:01] 采集异常: HTTPConnectionPool(host='localhost', port=8001): Max retries exceeded with url: /report (Caused by NewConnectionError('<urllib3.connection.HTTPConnection object at 0x7f1871a65eb8>: Failed to establish a new connection: [Errno 111] Connection refused',))
[2026-09-17 18:05:01] 采集异常: HTTPConnectionPool(host='localhost', port=8001): Max retries exceeded with url: /report (Caused by NewConnectionError('<urllib3.connection.HTTPConnection object at 0x7f461642de48>: Failed to establish a new connection: [Errno 111] Connection refused',))
[2026-09-17 18:10:01] 采集异常: HTTPConnectionPool(host='localhost', port=8001): Max retries exceeded with url: /report (Caused by NewConnectionError('<urllib3.connection.HTTPConnection object at 0x7fc6b1fcceb8>: Failed to establish a new connection: [Errno 111] Connection refused',))
[2026-09-18 18:40:02] 采集异常: HTTPConnectionPool(host='localhost', port=8001): Max retries exceeded with url: /report (Caused by NewConnectionError('<urllib3.connection.HTTPConnection object at 0x7f383ace4eb8>: Failed to establish a new connection: [Errno 111] Connection refused',))
[2026-09-18 18:45:02] 采集成功
[2026-09-18 11:05:02] 采集异常: HTTPConnectionPool(host='localhost', port=8001): Max retries exceeded with url: /report (Caused by NewConnectionError('<urllib3.connection.HTTPConnection object at 0x7f5a94bb1eb8>: Failed to establish a new connection: [Errno 111] Connection refused',))
[2026-09-18 11:10:01] 采集异常: HTTPConnectionPool(host='localhost', port=8001): Max retries exceeded with url: /report (Caused by NewConnectionError('<urllib3.connection.HTTPConnection object at 0x7f58e9966eb8>: Failed to establish a new connection: [Errno 111] Connection refused',))
[2026-09-19 15:40:02] 采集异常: HTTPConnectionPool(host='localhost', port=8001): Max retries exceeded with url: /report (Caused by NewConnectionError('<urllib3.connection.HTTPConnection object at 0x7fe94e5c3eb8>: Failed to establish a new connection: [Errno 111] Connection refused',))
[2026-09-19 15:45:01] 采集异常: HTTPConnectionPool(host='localhost', port=8001): Max retries exceeded with url: /report (Caused by NewConnectionError('<urllib3.connection.HTTPConnection object at 0x7f0f18a06e48>: Failed to establish a new connection: [Errno 111] Connection refused',))
[2026-09-19 15:50:01] 采集异常: HTTPConnectionPool(host='localhost', port=8001): Max retries exceeded with url: /report (Caused by NewConnectionError('<urllib3.connection.HTTPConnection object at 0x7f6802aefe48>: Failed to establish a new connection: [Errno 111] Connection refused',))
[2026-09-19 15:55:01] 采集异常: HTTPConnectionPool(host='localhost', port=8001): Max retries exceeded with url: /report (Caused by NewConnectionError('<urllib3.connection.HTTPConnection object at 0x7ffb844c6eb8>: Failed to establish a new connection: [Errno 111] Connection refused',))
[2026-09-19 16:00:01] 采集异常: HTTPConnectionPool(host='localhost', port=8001): Max retries exceeded with url: /report (Caused by NewConnectionError('<urllib3.connection.HTTPConnection object at 0x7f309e35eeb8>: Failed to establish a new connection: [Errno 111] Connection refused',))
[2026-09-19 16:05:02] 采集异常: HTTPConnectionPool(host='localhost', port=8001): Max retries exceeded with url: /report (Caused by NewConnectionError('<urllib3.connection.HTTPConnection object at 0x7fef464d0eb8>: Failed to establish a new connection: [Errno 111] Connection refused',))
[2026-09-19 16:10:01] 采集异常: HTTPConnectionPool(host='localhost', port=8001): Max retries exceeded with url: /report (Caused by NewConnectionError('<urllib3.connection.HTTPConnection object at 0x7f0dd01d6eb8>: Failed to establish a new connection: [Errno 111] Connection refused',))
[2026-09-19 16:15:01] 采集异常: HTTPConnectionPool(host='localhost', port=8001): Max retries exceeded with url: /report (Caused by NewConnectionError('<urllib3.connection.HTTPConnection object at 0x7f541069deb8>: Failed to establish a new connection: [Errno 111] Connection refused',))
[2026-09-19 16:20:01] 采集异常: HTTPConnectionPool(host='localhost', port=8001): Max retries exceeded with url: /report (Caused by NewConnectionError('<urllib3.connection.HTTPConnection object at 0x7f4be6022eb8>: Failed to establish a new connection: [Errno 111] Connection refused',))
[2026-09-19 16:25:01] 采集异常: HTTPConnectionPool(host='localhost', port=8001): Max retries exceeded with url: /report (Caused by NewConnectionError('<urllib3.connection.HTTPConnection object at 0x7fd9cfc80eb8>: Failed to establish a new connection: [Errno 111] Connection refused',))
[2026-09-19 16:30:01] 采集异常: HTTPConnectionPool(host='localhost', port=8001): Max retries exceeded with url: /report (Caused by NewConnectionError('<urllib3.connection.HTTPConnection object at 0x7fed1ac83eb8>: Failed to establish a new connection: [Errno 111] Connection refused',))
[2026-09-19 16:35:01] 采集异常: HTTPConnectionPool(host='localhost', port=8001): Max retries exceeded with url: /report (Caused by NewConnectionError('<urllib3.connection.HTTPConnection object at 0x7f925f0b9eb8>: Failed to establish a new connection: [Errno 111] Connection refused',))
[2026-09-19 16:40:01] 采集异常: HTTPConnectionPool(host='localhost', port=8001): Max retries exceeded with url: /report (Caused by NewConnectionError('<urllib3.connection.HTTPConnection object at 0x7f67890dfeb8>: Failed to establish a new connection: [Errno 111] Connection refused',))
[2026-09-19 16:45:02] 采集异常: HTTPConnectionPool(host='localhost', port=8001): Max retries exceeded with url: /report (Caused by NewConnectionError('<urllib3.connection.HTTPConnection object at 0x7f52ce987e48>: Failed to establish a new connection: [Errno 111] Connection refused',))
[2026-09-19 16:50:01] 采集异常: HTTPConnectionPool(host='localhost', port=8001): Max retries exceeded with url: /report (Caused by NewConnectionError('<urllib3.connection.HTTPConnection object at 0x7faebe9baeb8>: Failed to establish a new connection: [Errno 111] Connection refused',))
[2026-09-19 16:55:01] 采集异常: HTTPConnectionPool(host='localhost', port=8001): Max retries exceeded with url: /report (Caused by NewConnectionError('<urllib3.connection.HTTPConnection object at 0x7f9b90e9ee48>: Failed to establish a new connection: [Errno 111] Connection refused',))
[2026-09-20 09:40:01] 采集异常: HTTPConnectionPool(host='localhost', port=8001): Max retries exceeded with url: /report (Caused by NewConnectionError('<urllib3.connection.HTTPConnection object at 0x7f8e90373eb8>: Failed to establish a new connection: [Errno 111] Connection refused',))
[2026-09-20 09:45:01] 采集异常: HTTPConnectionPool(host='localhost', port=8001): Max retries exceeded with url: /report (Caused by NewConnectionError('<urllib3.connection.HTTPConnection object at 0x7f46e254fe48>: Failed to establish a new connection: [Errno 111] Connection refused',))
[2026-09-20 09:50:03] 采集成功
[2026-09-20 09:55:01] 采集异常: HTTPConnectionPool(host='localhost', port=8001): Max retries exceeded with url: /report (Caused by NewConnectionError('<urllib3.connection.HTTPConnection object at 0x7f2fad0daeb8>: Failed to establish a new connection: [Errno 111] Connection refused',))
[2026-09-20 10:00:01] 采集异常: HTTPConnectionPool(host='localhost', port=8001): Max retries exceeded with url: /report (Caused by NewConnectionError('<urllib3.connection.HTTPConnection object at 0x7fb1a39c9eb8>: Failed to establish a new connection: [Errno 111] Connection refused',))
[2026-09-20 10:05:01] 采集异常: HTTPConnectionPool(host='localhost', port=8001): Max retries exceeded with url: /report (Caused by NewConnectionError('<urllib3.connection.HTTPConnection object at 0x7f1931a7ae80>: Failed to establish a new connection: [Errno 111] Connection refused',))
[2026-09-20 10:10:01] 采集异常: HTTPConnectionPool(host='localhost', port=8001): Max retries exceeded with url: /report (Caused by NewConnectionError('<urllib3.connection.HTTPConnection object at 0x7fbb64c7def0>: Failed to establish a new connection: [Errno 111] Connection refused',))
[2026-09-20 10:15:01] 采集异常: HTTPConnectionPool(host='localhost', port=8001): Max retries exceeded with url: /report (Caused by NewConnectionError('<urllib3.connection.HTTPConnection object at 0x7fe6410fbef0>: Failed to establish a new connection: [Errno 111] Connection refused',))
[2026-09-21 09:10:02] 采集异常: HTTPConnectionPool(host='localhost', port=8001): Max retries exceeded with url: /report (Caused by NewConnectionError('<urllib3.connection.HTTPConnection object at 0x7f7ca0139e80>: Failed to establish a new connection: [Errno 111] Connection refused',))
[2026-09-21 09:15:01] 采集异常: HTTPConnectionPool(host='localhost', port=8001): Max retries exceeded with url: /report (Caused by NewConnectionError('<urllib3.connection.HTTPConnection object at 0x7f0e1833eef0>: Failed to establish a new connection: [Errno 111] Connection refused',))
[2026-09-22 09:45:01] 采集异常: HTTPConnectionPool(host='localhost', port=8001): Max retries exceeded with url: /report (Caused by NewConnectionError('<urllib3.connection.HTTPConnection object at 0x7f9a2990aef0>: Failed to establish a new connection: [Errno 111] Connection refused',))
[2026-09-22 09:50:02] 采集异常: HTTPConnectionPool(host='localhost', port=8001): Max retries exceeded with url: /report (Caused by NewConnectionError('<urllib3.connection.HTTPConnection object at 0x7f3bceea4e80>: Failed to establish a new connection: [Errno 111] Connection refused',))
[2026-09-22 09:55:01] 采集异常: HTTPConnectionPool(host='localhost', port=8001): Max retries exceeded with url: /report (Caused by NewConnectionError('<urllib3.connection.HTTPConnection object at 0x7fa14dbbce80>: Failed to establish a new connection: [Errno 111] Connection refused',))
[2026-09-23 11:00:01] 采集异常: HTTPConnectionPool(host='localhost', port=8001): Max retries exceeded with url: /report (Caused by NewConnectionError('<urllib3.connection.HTTPConnection object at 0x7fc6fe25fef0>: Failed to establish a new connection: [Errno 111] Connection refused',))
[2026-09-23 11:05:02] 采集异常: HTTPConnectionPool(host='localhost', port=8001): Max retries exceeded with url: /report (Caused by NewConnectionError('<urllib3.connection.HTTPConnection object at 0x7fca20846ef0>: Failed to establish a new connection: [Errno 111] Connection refused',))
[2026-09-23 11:10:02] 采集成功
[2026-09-23 11:15:02] 采集异常: HTTPConnectionPool(host='localhost', port=8001): Max retries exceeded with url: /report (Caused by NewConnectionError('<urllib3.connection.HTTPConnection object at 0x7f5eb911def0>: Failed to establish a new connection: [Errno 111] Connection refused',))
[2026-09-23 11:20:01] 采集异常: HTTPConnectionPool(host='localhost', port=8001): Max retries exceeded with url: /report (Caused by NewConnectionError('<urllib3.connection.HTTPConnection object at 0x7f0446000ef0>: Failed to establish a new connection: [Errno 111] Connection refused',))
[2026-09-24 09:05:02] 采集异常: HTTPConnectionPool(host='localhost', port=8001): Max retries exceeded with url: /report (Caused by NewConnectionError('<urllib3.connection.HTTPConnection object at 0x7faecf67aef0>: Failed to establish a new connection: [Errno 111] Connection refused',))
[2026-09-24 09:10:01] 采集异常: HTTPConnectionPool(host='localhost', port=8001): Max retries exceeded with url: /report (Caused by NewConnectionError('<urllib3.connection.HTTPConnection object at 0x7f37f44c9e80>: Failed to establish a new connection: [Errno 111] Connection refused',))
[2026-09-24 09:15:02] 采集成功
[2026-09-24 09:20:01] 采集异常: HTTPConnectionPool(host='localhost', port=8001): Max retries exceeded with url: /report (Caused by NewConnectionError('<urllib3.connection.HTTPConnection object at 0x7fd76728be80>: Failed to establish a new connection: [Errno 111] Connection refused',))
[2026-09-24 09:25:01] 采集异常: HTTPConnectionPool(host='localhost', port=8001): Max retries exceeded with url: /report (Caused by NewConnectionError('<urllib3.connection.HTTPConnection object at 0x7f56b6367ef0>: Failed to establish a new connection: [Errno 111] Connection refused',))
[2026-09-26 08:40:02] 采集异常: HTTPConnectionPool(host='localhost', port=8001): Max retries exceeded with url: /report (Caused by NewConnectionError('<urllib3.connection.HTTPConnection object at 0x7fb75119cef0>: Failed to establish a new connection: [Errno 111] Connection refused',))
[2026-09-26 08:45:01] 采集异常: HTTPConnectionPool(host='localhost', port=8001): Max retries exceeded with url: /report (Caused by NewConnectionError('<urllib3.connection.HTTPConnection object at 0x7f7a1c87def0>: Failed to establish a new connection: [Errno 111] Connection refused',))
[2026-09-26 08:50:01] 采集异常: HTTPConnectionPool(host='localhost', port=8001): Max retries exceeded with url: /report (Caused by NewConnectionError('<urllib3.connection.HTTPConnection object at 0x7f9d92d53ef0>: Failed to establish a new connection: [Errno 111] Connection refused',))
[2026-09-26 08:55:01] 采集异常: HTTPConnectionPool(host='localhost', port=8001): Max retries exceeded with url: /report (Caused by NewConnectionError('<urllib3.connection.HTTPConnection object at 0x7fb7809f1ef0>: Failed to establish a new connection: [Errno 111] Connection refused',))
[2026-09-26 09:00:01] 采集异常: HTTPConnectionPool(host='localhost', port=8001): Max retries exceeded with url: /report (Caused by NewConnectionError('<urllib3.connection.HTTPConnection object at 0x7f67eb96de80>: Failed to establish a new connection: [Errno 111] Connection refused',))
[2026-09-26 09:05:01] 采集异常: HTTPConnectionPool(host='localhost', port=8001): Max retries exceeded with url: /report (Caused by NewConnectionError('<urllib3.connection.HTTPConnection object at 0x7f1aeb7aaef0>: Failed to establish a new connection: [Errno 111] Connection refused',))
[2026-09-26 09:10:02] 采集异常: HTTPConnectionPool(host='localhost', port=8001): Max retries exceeded with url: /report (Caused by NewConnectionError('<urllib3.connection.HTTPConnection object at 0x7f3395980e80>: Failed to establish a new connection: [Errno 111] Connection refused',))
[2026-09-26 09:15:01] 采集异常: HTTPConnectionPool(host='localhost', port=8001): Max retries exceeded with url: /report (Caused by NewConnectionError('<urllib3.connection.HTTPConnection object at 0x7fb22eef5ef0>: Failed to establish a new connection: [Errno 111] Connection refused',))
[2026-09-26 09:20:01] 采集异常: HTTPConnectionPool(host='localhost', port=8001): Max retries exceeded with url: /report (Caused by NewConnectionError('<urllib3.connection.HTTPConnection object at 0x7f8c4f6caef0>: Failed to establish a new connection: [Errno 111] Connection refused',))
[2026-09-26 09:25:01] 采集异常: HTTPConnectionPool(host='localhost', port=8001): Max retries exceeded with url: /report (Caused by NewConnectionError('<urllib3.connection.HTTPConnection object at 0x7fe5e615bef0>: Failed to establish a new connection: [Errno 111] Connection refused',))
[2026-09-26 09:30:02] 采集异常: HTTPConnectionPool(host='localhost', port=8001): Max retries exceeded with url: /report (Caused by NewConnectionError('<urllib3.connection.HTTPConnection object at 0x7f569f8b3ef0>: Failed to establish a new connection: [Errno 111] Connection refused',))
[2026-09-26 09:35:01] 采集异常: HTTPConnectionPool(host='localhost', port=8001): Max retries exceeded with url: /report (Caused by NewConnectionError('<urllib3.connection.HTTPConnection object at 0x7f0a0efbeef0>: Failed to establish a new connection: [Errno 111] Connection refused',))
[2026-09-26 09:40:01] 采集异常: HTTPConnectionPool(host='localhost', port=8001): Max retries exceeded with url: /report (Caused by NewConnectionError('<urllib3.connection.HTTPConnection object at 0x7f9a62944ef0>: Failed to establish a new connection: [Errno 111] Connection refused',))
[2026-09-26 09:45:01] 采集异常: HTTPConnectionPool(host='localhost', port=8001): Max retries exceeded with url: /report (Caused by NewConnectionError('<urllib3.connection.HTTPConnection object at 0x7f5bf3163ef0>: Failed to establish a new connection: [Errno 111] Connection refused',))
[2026-09-26 09:50:02] 采集异常: HTTPConnectionPool(host='localhost', port=8001): Max retries exceeded with url: /report (Caused by NewConnectionError('<urllib3.connection.HTTPConnection object at 0x7f6988034ef0>: Failed to establish a new connection: [Errno 111] Connection refused',))
[2026-09-26 09:55:01] 采集异常: HTTPConnectionPool(host='localhost', port=8001): Max retries exceeded with url: /report (Caused by NewConnectionError('<urllib3.connection.HTTPConnection object at 0x7f822de8aef0>: Failed to establish a new connection: [Errno 111] Connection refused',))
[2026-09-26 10:00:01] 采集异常: HTTPConnectionPool(host='localhost', port=8001): Max retries exceeded with url: /report (Caused by NewConnectionError('<urllib3.connection.HTTPConnection object at 0x7f76276a8ef0>: Failed to establish a new connection: [Errno 111] Connection refused',))
[2026-09-26 10:05:02] 采集异常: HTTPConnectionPool(host='localhost', port=8001): Max retries exceeded with url: /report (Caused by NewConnectionError('<urllib3.connection.HTTPConnection object at 0x7fc1c3cbcef0>: Failed to establish a new connection: [Errno 111] Connection refused',))
[2026-09-26 10:10:01] 采集异常: HTTPConnectionPool(host='localhost', port=8001): Max retries exceeded with url: /report (Caused by NewConnectionError('<urllib3.connection.HTTPConnection object at 0x7fabb87bdef0>: Failed to establish a new connection: [Errno 111] Connection refused',))
[2026-09-26 10:15:01] 采集异常: HTTPConnectionPool(host='localhost', port=8001): Max retries exceeded with url: /report (Caused by NewConnectionError('<urllib3.connection.HTTPConnection object at 0x7fc156377ef0>: Failed to establish a new connection: [Errno 111] Connection refused',))
[2026-09-26 10:20:01] 采集异常: HTTPConnectionPool(host='localhost', port=8001): Max retries exceeded with url: /report (Caused by NewConnectionError('<urllib3.connection.HTTPConnection object at 0x7fba2e2f0ef0>: Failed to establish a new connection: [Errno 111] Connection refused',))
[2026-09-26 10:25:02] 采集异常: HTTPConnectionPool(host='localhost', port=8001): Max retries exceeded with url: /report (Caused by NewConnectionError('<urllib3.connection.HTTPConnection object at 0x7f1435be9e80>: Failed to establish a new connection: [Errno 111] Connection refused',))
[2026-09-26 10:30:01] 采集异常: HTTPConnectionPool(host='localhost', port=8001): Max retries exceeded with url: /report (Caused by NewConnectionError('<urllib3.connection.HTTPConnection object at 0x7fad125c5e80>: Failed to establish a new connection: [Errno 111] Connection refused',))
[2026-09-26 10:35:01] 采集异常: HTTPConnectionPool(host='localhost', port=8001): Max retries exceeded with url: /report (Caused by NewConnectionError('<urllib3.connection.HTTPConnection object at 0x7f6b647dce80>: Failed to establish a new connection: [Errno 111] Connection refused',))
[2026-09-26 10:40:01] 采集异常: HTTPConnectionPool(host='localhost', port=8001): Max retries exceeded with url: /report (Caused by NewConnectionError('<urllib3.connection.HTTPConnection object at 0x7fa4b6e93e80>: Failed to establish a new connection: [Errno 111] Connection refused',))
[2026-09-26 10:45:02] 采集异常: HTTPConnectionPool(host='localhost', port=8001): Max retries exceeded with url: /report (Caused by NewConnectionError('<urllib3.connection.HTTPConnection object at 0x7fc2569adef0>: Failed to establish a new connection: [Errno 111] Connection refused',))
[2026-09-26 10:50:01] 采集异常: HTTPConnectionPool(host='localhost', port=8001): Max retries exceeded with url: /report (Caused by NewConnectionError('<urllib3.connection.HTTPConnection object at 0x7f60d602ce80>: Failed to establish a new connection: [Errno 111] Connection refused',))
[2026-09-26 10:55:01] 采集异常: HTTPConnectionPool(host='localhost', port=8001): Max retries exceeded with url: /report (Caused by NewConnectionError('<urllib3.connection.HTTPConnection object at 0x7f3047395ef0>: Failed to establish a new connection: [Errno 111] Connection refused',))
[2026-09-26 11:00:02] 采集异常: HTTPConnectionPool(host='localhost', port=8001): Max retries exceeded with url: /report (Caused by NewConnectionError('<urllib3.connection.HTTPConnection object at 0x7f11b4a08ef0>: Failed to establish a new connection: [Errno 111] Connection refused',))
[2026-09-26 11:05:01] 采集异常: HTTPConnectionPool(host='localhost', port=8001): Max retries exceeded with url: /report (Caused by NewConnectionError('<urllib3.connection.HTTPConnection object at 0x7fa0db32cef0>: Failed to establish a new connection: [Errno 111] Connection refused',))
[2026-09-28 10:00:01] 采集异常: HTTPConnectionPool(host='localhost', port=8001): Max retries exceeded with url: /report (Caused by NewConnectionError('<urllib3.connection.HTTPConnection object at 0x7f430c631ef0>: Failed to establish a new connection: [Errno 111] Connection refused',))
[2026-09-28 10:05:02] 采集成功
[2026-09-28 10:10:01] 采集异常: HTTPConnectionPool(host='localhost', port=8001): Max retries exceeded with url: /report (Caused by NewConnectionError('<urllib3.connection.HTTPConnection object at 0x7fef20ac3ef0>: Failed to establish a new connection: [Errno 111] Connection refused',))
[2026-09-28 10:15:01] 采集异常: HTTPConnectionPool(host='localhost', port=8001): Max retries exceeded with url: /report (Caused by NewConnectionError('<urllib3.connection.HTTPConnection object at 0x7fe755872e80>: Failed to establish a new connection: [Errno 111] Connection refused',))
[2026-09-28 10:20:02] 采集异常: HTTPConnectionPool(host='localhost', port=8001): Max retries exceeded with url: /report (Caused by NewConnectionError('<urllib3.connection.HTTPConnection object at 0x7f0328305ef0>: Failed to establish a new connection: [Errno 111] Connection refused',))
[2026-09-28 10:25:01] 采集异常: HTTPConnectionPool(host='localhost', port=8001): Max retries exceeded with url: /report (Caused by NewConnectionError('<urllib3.connection.HTTPConnection object at 0x7f4a05e3ae80>: Failed to establish a new connection: [Errno 111] Connection refused',))
[2026-09-28 10:30:01] 采集异常: HTTPConnectionPool(host='localhost', port=8001): Max retries exceeded with url: /report (Caused by NewConnectionError('<urllib3.connection.HTTPConnection object at 0x7f307a1a2ef0>: Failed to establish a new connection: [Errno 111] Connection refused',))
[2026-09-28 10:35:02] 采集成功
[2026-09-28 10:40:01] 采集异常: HTTPConnectionPool(host='localhost', port=8001): Max retries exceeded with url: /report (Caused by NewConnectionError('<urllib3.connection.HTTPConnection object at 0x7f5736df5e80>: Failed to establish a new connection: [Errno 111] Connection refused',))
[2026-09-28 10:45:01] 采集异常: HTTPConnectionPool(host='localhost', port=8001): Max retries exceeded with url: /report (Caused by NewConnectionError('<urllib3.connection.HTTPConnection object at 0x7f222ff99ef0>: Failed to establish a new connection: [Errno 111] Connection refused',))
[2026-09-28 10:50:01] 采集异常: HTTPConnectionPool(host='localhost', port=8001): Max retries exceeded with url: /report (Caused by NewConnectionError('<urllib3.connection.HTTPConnection object at 0x7f8bcc0bcef0>: Failed to establish a new connection: [Errno 111] Connection refused',))
[2026-09-28 10:55:02] 采集异常: HTTPConnectionPool(host='localhost', port=8001): Max retries exceeded with url: /report (Caused by NewConnectionError('<urllib3.connection.HTTPConnection object at 0x7f2b06337ef0>: Failed to establish a new connection: [Errno 111] Connection refused',))
[2026-09-28 11:00:01] 采集异常: HTTPConnectionPool(host='localhost', port=8001): Max retries exceeded with url: /report (Caused by NewConnectionError('<urllib3.connection.HTTPConnection object at 0x7f107bbe1e80>: Failed to establish a new connection: [Errno 111] Connection refused',))
[2026-09-28 11:05:01] 采集异常: HTTPConnectionPool(host='localhost', port=8001): Max retries exceeded with url: /report (Caused by NewConnectionError('<urllib3.connection.HTTPConnection object at 0x7f1c140beef0>: Failed to establish a new connection: [Errno 111] Connection refused',))
[2026-09-28 11:10:01] 采集异常: HTTPConnectionPool(host='localhost', port=8001): Max retries exceeded with url: /report (Caused by NewConnectionError('<urllib3.connection.HTTPConnection object at 0x7f71dc7d1e80>: Failed to establish a new connection: [Errno 111] Connection refused',))
[2026-09-30 07:15:02] 采集异常: HTTPConnectionPool(host='localhost', port=8001): Max retries exceeded with url: /report (Caused by NewConnectionError('<urllib3.connection.HTTPConnection object at 0x7f64df110ef0>: Failed to establish a new connection: [Errno 111] Connection refused',))
[2026-09-30 07:20:01] 采集异常: HTTPConnectionPool(host='localhost', port=8001): Max retries exceeded with url: /report (Caused by NewConnectionError('<urllib3.connection.HTTPConnection object at 0x7fcfff1b7ef0>: Failed to establish a new connection: [Errno 111] Connection refused',))
[2026-09-30 07:25:01] 采集异常: HTTPConnectionPool(host='localhost', port=8001): Max retries exceeded with url: /report (Caused by NewConnectionError('<urllib3.connection.HTTPConnection object at 0x7faf9eba1ef0>: Failed to establish a new connection: [Errno 111] Connection refused',))
[2026-09-30 07:30:01] 采集异常: HTTPConnectionPool(host='localhost', port=8001): Max retries exceeded with url: /report (Caused by NewConnectionError('<urllib3.connection.HTTPConnection object at 0x7fba7dd03e80>: Failed to establish a new connection: [Errno 111] Connection refused',))
[2026-09-30 07:35:01] 采集异常: HTTPConnectionPool(host='localhost', port=8001): Max retries exceeded with url: /report (Caused by NewConnectionError('<urllib3.connection.HTTPConnection object at 0x7ff8acf1cef0>: Failed to establish a new connection: [Errno 111] Connection refused',))
[2026-09-30 07:40:01] 采集异常: HTTPConnectionPool(host='localhost', port=8001): Max retries exceeded with url: /report (Caused by NewConnectionError('<urllib3.connection.HTTPConnection object at 0x7fd7dd88fef0>: Failed to establish a new connection: [Errno 111] Connection refused',))
[2026-09-30 07:45:01] 采集异常: HTTPConnectionPool(host='localhost', port=8001): Max retries exceeded with url: /report (Caused by NewConnectionError('<urllib3.connection.HTTPConnection object at 0x7f4b65271e80>: Failed to establish a new connection: [Errno 111] Connection refused',))
[2026-09-30 07:50:01] 采集异常: HTTPConnectionPool(host='localhost', port=8001): Max retries exceeded with url: /report (Caused by NewConnectionError('<urllib3.connection.HTTPConnection object at 0x7f8384ce4ef0>: Failed to establish a new connection: [Errno 111] Connection refused',))
[2026-09-30 07:55:01] 采集异常: HTTPConnectionPool(host='localhost', port=8001): Max retries exceeded with url: /report (Caused by NewConnectionError('<urllib3.connection.HTTPConnection object at 0x7f92fbcd7ef0>: Failed to establish a new connection: [Errno 111] Connection refused',))
[2026-09-30 08:00:01] 采集异常: HTTPConnectionPool(host='localhost', port=8001): Max retries exceeded with url: /report (Caused by NewConnectionError('<urllib3.connection.HTTPConnection object at 0x7fe39b92fef0>: Failed to establish a new connection: [Errno 111] Connection refused',))
[2026-09-30 08:05:02] 采集异常: HTTPConnectionPool(host='localhost', port=8001): Max retries exceeded with url: /report (Caused by NewConnectionError('<urllib3.connection.HTTPConnection object at 0x7f631158ae80>: Failed to establish a new connection: [Errno 111] Connection refused',))
[2026-09-30 08:10:01] 采集异常: HTTPConnectionPool(host='localhost', port=8001): Max retries exceeded with url: /report (Caused by NewConnectionError('<urllib3.connection.HTTPConnection object at 0x7f2eee43ce80>: Failed to establish a new connection: [Errno 111] Connection refused',))
[2026-09-30 08:15:01] 采集异常: HTTPConnectionPool(host='localhost', port=8001): Max retries exceeded with url: /report (Caused by NewConnectionError('<urllib3.connection.HTTPConnection object at 0x7f9b52e83ef0>: Failed to establish a new connection: [Errno 111] Connection refused',))
[2026-09-30 08:20:01] 采集异常: HTTPConnectionPool(host='localhost', port=8001): Max retries exceeded with url: /report (Caused by NewConnectionError('<urllib3.connection.HTTPConnection object at 0x7f8d741f8e80>: Failed to establish a new connection: [Errno 111] Connection refused',))
[2026-09-30 08:25:01] 采集异常: HTTPConnectionPool(host='localhost', port=8001): Max retries exceeded with url: /report (Caused by NewConnectionError('<urllib3.connection.HTTPConnection object at 0x7fe46b2e8ef0>: Failed to establish a new connection: [Errno 111] Connection refused',))
[2026-09-30 08:30:01] 采集异常: HTTPConnectionPool(host='localhost', port=8001): Max retries exceeded with url: /report (Caused by NewConnectionError('<urllib3.connection.HTTPConnection object at 0x7fdd30171ef0>: Failed to establish a new connection: [Errno 111] Connection refused',))
[2026-09-30 08:35:01] 采集异常: HTTPConnectionPool(host='localhost', port=8001): Max retries exceeded with url: /report (Caused by NewConnectionError('<urllib3.connection.HTTPConnection object at 0x7fc64f8faef0>: Failed to establish a new connection: [Errno 111] Connection refused',))
[2026-09-30 08:40:01] 采集异常: HTTPConnectionPool(host='localhost', port=8001): Max retries exceeded with url: /report (Caused by NewConnectionError('<urllib3.connection.HTTPConnection object at 0x7f175b36cef0>: Failed to establish a new connection: [Errno 111] Connection refused',))
[2026-09-30 08:45:02] 采集异常: HTTPConnectionPool(host='localhost', port=8001): Max retries exceeded with url: /report (Caused by NewConnectionError('<urllib3.connection.HTTPConnection object at 0x7f45b3c7bef0>: Failed to establish a new connection: [Errno 111] Connection refused',))
[2026-09-30 08:50:01] 采集异常: HTTPConnectionPool(host='localhost', port=8001): Max retries exceeded with url: /report (Caused by NewConnectionError('<urllib3.connection.HTTPConnection object at 0x7f7ee3056e80>: Failed to establish a new connection: [Errno 111] Connection refused',))
[2026-09-30 08:55:01] 采集异常: HTTPConnectionPool(host='localhost', port=8001): Max retries exceeded with url: /report (Caused by NewConnectionError('<urllib3.connection.HTTPConnection object at 0x7fdfa42aaef0>: Failed to establish a new connection: [Errno 111] Connection refused',))
[2026-09-30 09:00:01] 采集异常: HTTPConnectionPool(host='localhost', port=8001): Max retries exceeded with url: /report (Caused by NewConnectionError('<urllib3.connection.HTTPConnection object at 0x7fbcfe64fef0>: Failed to establish a new connection: [Errno 111] Connection refused',))
[2026-09-30 09:05:01] 采集异常: HTTPConnectionPool(host='localhost', port=8001): Max retries exceeded with url: /report (Caused by NewConnectionError('<urllib3.connection.HTTPConnection object at 0x7f9a946c9f28>: Failed to establish a new connection: [Errno 111] Connection refused',))
[2026-09-30 09:10:01] 采集异常: HTTPConnectionPool(host='localhost', port=8001): Max retries exceeded with url: /report (Caused by NewConnectionError('<urllib3.connection.HTTPConnection object at 0x7f4d4970af28>: Failed to establish a new connection: [Errno 111] Connection refused',))
[2026-09-30 09:15:01] 采集异常: HTTPConnectionPool(host='localhost', port=8001): Max retries exceeded with url: /report (Caused by NewConnectionError('<urllib3.connection.HTTPConnection object at 0x7f699887ff28>: Failed to establish a new connection: [Errno 111] Connection refused',))
[2026-09-30 09:20:01] 采集异常: HTTPConnectionPool(host='localhost', port=8001): Max retries exceeded with url: /report (Caused by NewConnectionError('<urllib3.connection.HTTPConnection object at 0x7f0ca34b2eb8>: Failed to establish a new connection: [Errno 111] Connection refused',))
[2026-09-30 09:25:02] 采集异常: HTTPConnectionPool(host='localhost', port=8001): Max retries exceeded with url: /report (Caused by NewConnectionError('<urllib3.connection.HTTPConnection object at 0x7fab47ba4f28>: Failed to establish a new connection: [Errno 111] Connection refused',))
[2026-09-30 09:30:01] 采集异常: HTTPConnectionPool(host='localhost', port=8001): Max retries exceeded with url: /report (Caused by NewConnectionError('<urllib3.connection.HTTPConnection object at 0x7f664e40af28>: Failed to establish a new connection: [Errno 111] Connection refused',))
[2026-09-30 09:35:01] 采集异常: HTTPConnectionPool(host='localhost', port=8001): Max retries exceeded with url: /report (Caused by NewConnectionError('<urllib3.connection.HTTPConnection object at 0x7efcf8ebbf28>: Failed to establish a new connection: [Errno 111] Connection refused',))
[2026-09-30 09:40:01] 采集异常: HTTPConnectionPool(host='localhost', port=8001): Max retries exceeded with url: /report (Caused by NewConnectionError('<urllib3.connection.HTTPConnection object at 0x7fcb14108f28>: Failed to establish a new connection: [Errno 111] Connection refused',))
[2026-09-30 09:45:01] 采集异常: HTTPConnectionPool(host='localhost', port=8001): Max retries exceeded with url: /report (Caused by NewConnectionError('<urllib3.connection.HTTPConnection object at 0x7f84853d5f28>: Failed to establish a new connection: [Errno 111] Connection refused',))
[2026-09-30 10:35:01] 采集异常: HTTPConnectionPool(host='localhost', port=8001): Max retries exceeded with url: /report (Caused by NewConnectionError('<urllib3.connection.HTTPConnection object at 0x7f155f7fdf28>: Failed to establish a new connection: [Errno 111] Connection refused',))
[2026-09-30 10:40:01] 采集异常: HTTPConnectionPool(host='localhost', port=8001): Max retries exceeded with url: /report (Caused by NewConnectionError('<urllib3.connection.HTTPConnection object at 0x7f20eb291eb8>: Failed to establish a new connection: [Errno 111] Connection refused',))
[2026-09-30 10:45:02] 采集异常: HTTPConnectionPool(host='localhost', port=8001): Max retries exceeded with url: /report (Caused by NewConnectionError('<urllib3.connection.HTTPConnection object at 0x7f7bc54def28>: Failed to establish a new connection: [Errno 111] Connection refused',))
[2026-09-30 10:50:01] 采集异常: HTTPConnectionPool(host='localhost', port=8001): Max retries exceeded with url: /report (Caused by NewConnectionError('<urllib3.connection.HTTPConnection object at 0x7f97863c3f28>: Failed to establish a new connection: [Errno 111] Connection refused',))
[2026-09-30 10:55:01] 采集异常: HTTPConnectionPool(host='localhost', port=8001): Max retries exceeded with url: /report (Caused by NewConnectionError('<urllib3.connection.HTTPConnection object at 0x7f552d368f28>: Failed to establish a new connection: [Errno 111] Connection refused',))
[2026-09-30 11:00:01] 采集异常: HTTPConnectionPool(host='localhost', port=8001): Max retries exceeded with url: /report (Caused by NewConnectionError('<urllib3.connection.HTTPConnection object at 0x7f6b70303f28>: Failed to establish a new connection: [Errno 111] Connection refused',))
[2026-09-30 11:05:01] 采集异常: HTTPConnectionPool(host='localhost', port=8001): Max retries exceeded with url: /report (Caused by NewConnectionError('<urllib3.connection.HTTPConnection object at 0x7f5720a79eb8>: Failed to establish a new connection: [Errno 111] Connection refused',))
[2026-09-30 11:10:01] 采集异常: HTTPConnectionPool(host='localhost', port=8001): Max retries exceeded with url: /report (Caused by NewConnectionError('<urllib3.connection.HTTPConnection object at 0x7f7d97748f28>: Failed to establish a new connection: [Errno 111] Connection refused',))
[2026-09-30 11:15:01] 采集异常: HTTPConnectionPool(host='localhost', port=8001): Max retries exceeded with url: /report (Caused by NewConnectionError('<urllib3.connection.HTTPConnection object at 0x7f6db902bf28>: Failed to establish a new connection: [Errno 111] Connection refused',))
[2026-09-30 11:20:02] 采集异常: HTTPConnectionPool(host='localhost', port=8001): Max retries exceeded with url: /report (Caused by NewConnectionError('<urllib3.connection.HTTPConnection object at 0x7fe7fe5edf28>: Failed to establish a new connection: [Errno 111] Connection refused',))
[2026-09-30 11:25:01] 采集异常: HTTPConnectionPool(host='localhost', port=8001): Max retries exceeded with url: /report (Caused by NewConnectionError('<urllib3.connection.HTTPConnection object at 0x7f36813f7f28>: Failed to establish a new connection: [Errno 111] Connection refused',))
[2026-09-30 11:30:01] 采集异常: HTTPConnectionPool(host='localhost', port=8001): Max retries exceeded with url: /report (Caused by NewConnectionError('<urllib3.connection.HTTPConnection object at 0x7fc6f87d4f28>: Failed to establish a new connection: [Errno 111] Connection refused',))
[2026-09-30 11:35:01] 采集异常: HTTPConnectionPool(host='localhost', port=8001): Max retries exceeded with url: /report (Caused by NewConnectionError('<urllib3.connection.HTTPConnection object at 0x7fb7e788bf28>: Failed to establish a new connection: [Errno 111] Connection refused',))
[2026-09-30 11:40:02] 采集异常: HTTPConnectionPool(host='localhost', port=8001): Max retries exceeded with url: /report (Caused by NewConnectionError('<urllib3.connection.HTTPConnection object at 0x7f26996d0f28>: Failed to establish a new connection: [Errno 111] Connection refused',))
[2026-09-30 11:45:01] 采集异常: HTTPConnectionPool(host='localhost', port=8001): Max retries exceeded with url: /report (Caused by NewConnectionError('<urllib3.connection.HTTPConnection object at 0x7fd5c4504f28>: Failed to establish a new connection: [Errno 111] Connection refused',))
[2026-10-01 10:10:02] 采集异常: HTTPConnectionPool(host='localhost', port=8001): Max retries exceeded with url: /report (Caused by NewConnectionError('<urllib3.connection.HTTPConnection object at 0x7f5247db7f28>: Failed to establish a new connection: [Errno 111] Connection refused',))
[2026-10-01 10:15:11] 采集成功
[2026-10-01 10:20:01] 采集异常: HTTPConnectionPool(host='localhost', port=8001): Max retries exceeded with url: /report (Caused by NewConnectionError('<urllib3.connection.HTTPConnection object at 0x7ff27ff26f28>: Failed to establish a new connection: [Errno 111] Connection refused',))
[2026-10-01 10:25:01] 采集异常: HTTPConnectionPool(host='localhost', port=8001): Max retries exceeded with url: /report (Caused by NewConnectionError('<urllib3.connection.HTTPConnection object at 0x7f3d3c1adeb8>: Failed to establish a new connection: [Errno 111] Connection refused',))
[2026-10-02 08:50:01] 采集异常: HTTPConnectionPool(host='localhost', port=8001): Max retries exceeded with url: /report (Caused by NewConnectionError('<urllib3.connection.HTTPConnection object at 0x7f151c9b8f28>: Failed to establish a new connection: [Errno 111] Connection refused',))
[2026-10-02 08:55:01] 采集异常: HTTPConnectionPool(host='localhost', port=8001): Max retries exceeded with url: /report (Caused by NewConnectionError('<urllib3.connection.HTTPConnection object at 0x7f92e83c3f28>: Failed to establish a new connection: [Errno 111] Connection refused',))
[2026-10-02 09:00:01] 采集异常: HTTPConnectionPool(host='localhost', port=8001): Max retries exceeded with url: /report (Caused by NewConnectionError('<urllib3.connection.HTTPConnection object at 0x7f7b1933ff28>: Failed to establish a new connection: [Errno 111] Connection refused',))
[2026-10-02 09:05:02] 采集异常: HTTPConnectionPool(host='localhost', port=8001): Max retries exceeded with url: /report (Caused by NewConnectionError('<urllib3.connection.HTTPConnection object at 0x7f6b4f46af28>: Failed to establish a new connection: [Errno 111] Connection refused',))
[2026-10-03 08:35:01] 采集异常: HTTPConnectionPool(host='localhost', port=8001): Max retries exceeded with url: /report (Caused by NewConnectionError('<urllib3.connection.HTTPConnection object at 0x7f48ca8f4f28>: Failed to establish a new connection: [Errno 111] Connection refused',))
[2026-10-03 08:40:01] 采集异常: HTTPConnectionPool(host='localhost', port=8001): Max retries exceeded with url: /report (Caused by NewConnectionError('<urllib3.connection.HTTPConnection object at 0x7fbe7c006f28>: Failed to establish a new connection: [Errno 111] Connection refused',))
[2026-10-03 08:45:01] 采集异常: HTTPConnectionPool(host='localhost', port=8001): Max retries exceeded with url: /report (Caused by NewConnectionError('<urllib3.connection.HTTPConnection object at 0x7f3896b01f28>: Failed to establish a new connection: [Errno 111] Connection refused',))
[2026-10-03 08:50:01] 采集异常: HTTPConnectionPool(host='localhost', port=8001): Max retries exceeded with url: /report (Caused by NewConnectionError('<urllib3.connection.HTTPConnection object at 0x7f0118f9af28>: Failed to establish a new connection: [Errno 111] Connection refused',))
[2026-10-03 08:55:01] 采集异常: HTTPConnectionPool(host='localhost', port=8001): Max retries exceeded with url: /report (Caused by NewConnectionError('<urllib3.connection.HTTPConnection object at 0x7fdc14462f28>: Failed to establish a new connection: [Errno 111] Connection refused',))
[2026-10-03 09:00:03] 采集成功
[2026-10-04 08:50:01] 采集异常: HTTPConnectionPool(host='localhost', port=8001): Max retries exceeded with url: /report (Caused by NewConnectionError('<urllib3.connection.HTTPConnection object at 0x7f4ec8baef28>: Failed to establish a new connection: [Errno 111] Connection refused',))
[2026-10-04 08:55:02] 采集异常: HTTPConnectionPool(host='localhost', port=8001): Max retries exceeded with url: /report (Caused by NewConnectionError('<urllib3.connection.HTTPConnection object at 0x7fc715273eb8>: Failed to establish a new connection: [Errno 111] Connection refused',))
[2026-10-04 09:00:01] 采集异常: HTTPConnectionPool(host='localhost', port=8001): Max retries exceeded with url: /report (Caused by NewConnectionError('<urllib3.connection.HTTPConnection object at 0x7fe0b3de7f28>: Failed to establish a new connection: [Errno 111] Connection refused',))
[2026-10-04 09:05:01] 采集异常: HTTPConnectionPool(host='localhost', port=8001): Max retries exceeded with url: /report (Caused by NewConnectionError('<urllib3.connection.HTTPConnection object at 0x7f8847d93eb8>: Failed to establish a new connection: [Errno 111] Connection refused',))
[2026-10-04 09:10:01] 采集异常: HTTPConnectionPool(host='localhost', port=8001): Max retries exceeded with url: /report (Caused by NewConnectionError('<urllib3.connection.HTTPConnection object at 0x7f1e397d5f28>: Failed to establish a new connection: [Errno 111] Connection refused',))
[2026-10-04 09:15:01] 采集异常: HTTPConnectionPool(host='localhost', port=8001): Max retries exceeded with url: /report (Caused by NewConnectionError('<urllib3.connection.HTTPConnection object at 0x7f1d29952eb8>: Failed to establish a new connection: [Errno 111] Connection refused',))
[2026-10-04 09:20:01] 采集异常: HTTPConnectionPool(host='localhost', port=8001): Max retries exceeded with url: /report (Caused by NewConnectionError('<urllib3.connection.HTTPConnection object at 0x7ff7ba3a5f28>: Failed to establish a new connection: [Errno 111] Connection refused',))
[2026-10-04 09:25:01] 采集异常: HTTPConnectionPool(host='localhost', port=8001): Max retries exceeded with url: /report (Caused by NewConnectionError('<urllib3.connection.HTTPConnection object at 0x7f9be5dc0f28>: Failed to establish a new connection: [Errno 111] Connection refused',))
[2026-10-07 09:00:01] 采集异常: HTTPConnectionPool(host='localhost', port=8001): Max retries exceeded with url: /report (Caused by NewConnectionError('<urllib3.connection.HTTPConnection object at 0x7fae332fcf28>: Failed to establish a new connection: [Errno 111] Connection refused',))
[2026-10-07 09:05:02] 采集异常: HTTPConnectionPool(host='localhost', port=8001): Max retries exceeded with url: /report (Caused by NewConnectionError('<urllib3.connection.HTTPConnection object at 0x7f6738146eb8>: Failed to establish a new connection: [Errno 111] Connection refused',))
[2026-10-07 09:10:01] 采集异常: HTTPConnectionPool(host='localhost', port=8001): Max retries exceeded with url: /report (Caused by NewConnectionError('<urllib3.connection.HTTPConnection object at 0x7f9df7415f28>: Failed to establish a new connection: [Errno 111] Connection refused',))
[2026-10-07 09:15:02] 采集成功
[2026-10-07 09:20:03] 采集成功
[2026-10-07 09:25:03] 采集成功
[2026-10-07 09:30:03] 采集成功
[2026-10-07 09:35:03] 采集成功
[2026-10-07 09:40:03] 采集成功
[2026-10-07 09:45:02] 采集成功
[2026-10-08 07:55:01] 采集异常: HTTPConnectionPool(host='localhost', port=8001): Max retries exceeded with url: /report (Caused by NewConnectionError('<urllib3.connection.HTTPConnection object at 0x7f9edb99ff28>: Failed to establish a new connection: [Errno 111] Connection refused',))
[2026-10-08 08:00:02] 采集成功
[2026-10-08 08:05:02] 采集成功
[2026-10-08 08:10:02] 采集成功
[2026-10-08 08:15:02] 采集成功
[2026-10-08 08:20:02] 采集成功
[2026-10-08 08:25:03] 采集成功
[2026-10-08 08:30:05] 采集成功
[2026-10-08 08:35:02] 采集成功
[2026-10-08 08:40:02] 采集成功
[2026-10-08 08:45:03] 采集成功
